error: FloatEqUlpsEpsilon may only be derived for structs.
 --> $DIR/ulps_epsilon_enum.rs:4:6
  |
4 | enum SomeEnum {
  |      ^^^^^^^^
