error: This trait does not yet support derive for generic types.
 --> $DIR/ulps_tol_generic.rs:3:41
  |
3 | #[derive(Debug, Clone, Copy, PartialEq, FloatEqUlpsTol)]
  |                                         ^^^^^^^^^^^^^^
  |
  = note: this error originates in a derive macro (in Nightly builds, run with -Z macro-backtrace for more info)
