error: FloatEqUlpsTol may only be derived for structs.
 --> $DIR/ulps_tol_enum.rs:4:6
  |
4 | enum SomeEnum {
  |      ^^^^^^^^
