error: Missing debug ULPs diff type name required to derive trait.

help: try specifying `debug_ulps_diff = "MyComplex32DebugUlpsDiff"` in `derive_float_eq`.
 --> $DIR/derive_float_eq_missing_debug_ulps_diff.rs:3:1
  |
3 | / #[derive_float_eq(
4 | |     ulps_tol = "MyComplex32Ulps",
5 | |     //debug_ulps_diff = "MyComplex32UlpsDiff"
6 | | )]
  | |__^
  |
  = note: this error originates in an attribute macro (in Nightly builds, run with -Z macro-backtrace for more info)
