error: Missing epsilon ULPs type name required to derive trait.

help: try specifying `ulps_epsilon = "MyComplex32Ulps"` in `derive_float_eq`.
 --> $DIR/derive_float_eq_missing_ulps_epsilon.rs:3:1
  |
3 | / #[derive_float_eq(
4 | |     //ulps_epsilon = "MyComplex32Ulps",
5 | |     debug_ulps_diff = "MyComplex32UlpsDiff"
6 | | )]
  | |__^
  |
  = note: this error originates in an attribute macro (in Nightly builds, run with -Z macro-backtrace for more info)
